============================= test session starts ==============================
platform win32 -- Python 3.13.1, pytest-8.3.4
collected 402 items

tests/test_billing.py::test_case_000 PASSED
tests/test_users.py::test_case_001 PASSED
tests/test_orders.py::test_case_002 PASSED
tests/test_auth.py::test_case_003 PASSED
tests/test_orders.py::test_case_004 PASSED
tests/test_search.py::test_case_005 PASSED
tests/test_search.py::test_case_006 PASSED
tests/test_search.py::test_case_007 PASSED
tests/test_search.py::test_case_008 PASSED
tests/test_billing.py::test_case_009 PASSED
tests/test_orders.py::test_case_010 PASSED
tests/test_search.py::test_case_011 PASSED
tests/test_orders.py::test_case_012 PASSED
tests/test_search.py::test_case_013 PASSED
tests/test_search.py::test_case_014 PASSED
tests/test_users.py::test_case_015 PASSED
tests/test_orders.py::test_case_016 PASSED
tests/test_search.py::test_case_017 PASSED
tests/test_auth.py::test_case_018 PASSED
tests/test_billing.py::test_case_019 PASSED
tests/test_users.py::test_case_020 PASSED
tests/test_orders.py::test_case_021 PASSED
tests/test_auth.py::test_case_022 PASSED
tests/test_orders.py::test_case_023 PASSED
tests/test_orders.py::test_case_024 PASSED
tests/test_orders.py::test_case_025 PASSED
tests/test_users.py::test_case_026 PASSED
tests/test_orders.py::test_case_027 PASSED
tests/test_search.py::test_case_028 PASSED
tests/test_billing.py::test_case_029 PASSED
tests/test_search.py::test_case_030 PASSED
tests/test_orders.py::test_case_031 PASSED
tests/test_users.py::test_case_032 PASSED
tests/test_billing.py::test_case_033 PASSED
tests/test_search.py::test_case_034 PASSED
tests/test_search.py::test_case_035 PASSED
tests/test_users.py::test_case_036 PASSED
tests/test_billing.py::test_case_037 PASSED
tests/test_auth.py::test_case_038 PASSED
tests/test_billing.py::test_case_039 PASSED
tests/test_billing.py::test_case_040 PASSED
tests/test_search.py::test_case_041 PASSED
tests/test_auth.py::test_case_042 PASSED
tests/test_orders.py::test_case_043 PASSED
tests/test_search.py::test_case_044 PASSED
tests/test_users.py::test_case_045 PASSED
tests/test_orders.py::test_case_046 PASSED
tests/test_billing.py::test_case_047 PASSED
tests/test_auth.py::test_case_048 PASSED
tests/test_orders.py::test_case_049 PASSED
tests/test_auth.py::test_case_050 PASSED
tests/test_users.py::test_case_051 PASSED
tests/test_search.py::test_case_052 PASSED
tests/test_users.py::test_case_053 PASSED
tests/test_billing.py::test_case_054 PASSED
tests/test_auth.py::test_case_055 PASSED
tests/test_auth.py::test_case_056 PASSED
tests/test_users.py::test_case_057 PASSED
tests/test_search.py::test_case_058 PASSED
tests/test_users.py::test_case_059 PASSED
tests/test_search.py::test_case_060 PASSED
tests/test_users.py::test_case_061 PASSED
tests/test_orders.py::test_case_062 PASSED
tests/test_search.py::test_case_063 PASSED
tests/test_billing.py::test_case_064 PASSED
tests/test_search.py::test_case_065 PASSED
tests/test_search.py::test_case_066 PASSED
tests/test_billing.py::test_case_067 PASSED
tests/test_auth.py::test_case_068 PASSED
tests/test_users.py::test_case_069 PASSED
tests/test_auth.py::test_case_070 PASSED
tests/test_orders.py::test_case_071 PASSED
tests/test_search.py::test_case_072 PASSED
tests/test_users.py::test_case_073 PASSED
tests/test_orders.py::test_case_074 PASSED
tests/test_billing.py::test_case_075 PASSED
tests/test_users.py::test_case_076 PASSED
tests/test_search.py::test_case_077 PASSED
tests/test_auth.py::test_case_078 PASSED
tests/test_search.py::test_case_079 PASSED
tests/test_orders.py::test_case_080 PASSED
tests/test_search.py::test_case_081 PASSED
tests/test_orders.py::test_case_082 PASSED
tests/test_auth.py::test_case_083 PASSED
tests/test_users.py::test_case_084 PASSED
tests/test_users.py::test_case_085 PASSED
tests/test_users.py::test_case_086 PASSED
tests/test_search.py::test_case_087 PASSED
tests/test_billing.py::test_case_088 PASSED
tests/test_billing.py::test_case_089 PASSED
tests/test_users.py::test_case_090 PASSED
tests/test_billing.py::test_case_091 PASSED
tests/test_orders.py::test_case_092 PASSED
tests/test_billing.py::test_case_093 PASSED
tests/test_users.py::test_case_094 PASSED
tests/test_users.py::test_case_095 PASSED
tests/test_billing.py::test_case_096 PASSED
tests/test_search.py::test_case_097 PASSED
tests/test_users.py::test_case_098 PASSED
tests/test_auth.py::test_case_099 PASSED
tests/test_users.py::test_case_100 PASSED
tests/test_auth.py::test_case_101 PASSED
tests/test_search.py::test_case_102 PASSED
tests/test_auth.py::test_case_103 PASSED
tests/test_users.py::test_case_104 PASSED
tests/test_users.py::test_case_105 PASSED
tests/test_orders.py::test_case_106 PASSED
tests/test_search.py::test_case_107 PASSED
tests/test_users.py::test_case_108 PASSED
tests/test_billing.py::test_case_109 PASSED
tests/test_users.py::test_case_110 PASSED
tests/test_users.py::test_case_111 PASSED
tests/test_billing.py::test_case_112 PASSED
tests/test_search.py::test_case_113 PASSED
tests/test_orders.py::test_case_114 PASSED
tests/test_search.py::test_case_115 PASSED
tests/test_auth.py::test_case_116 PASSED
tests/test_users.py::test_case_117 PASSED
tests/test_users.py::test_case_118 PASSED
tests/test_billing.py::test_case_119 PASSED
tests/test_users.py::test_case_120 PASSED
tests/test_search.py::test_case_121 PASSED
tests/test_search.py::test_case_122 PASSED
tests/test_auth.py::test_case_123 PASSED
tests/test_search.py::test_case_124 PASSED
tests/test_auth.py::test_case_125 PASSED
tests/test_orders.py::test_case_126 PASSED
tests/test_users.py::test_case_127 PASSED
tests/test_users.py::test_case_128 PASSED
tests/test_users.py::test_case_129 PASSED
tests/test_users.py::test_case_130 PASSED
tests/test_auth.py::test_case_131 PASSED
tests/test_search.py::test_case_132 PASSED
tests/test_billing.py::test_refund_rounding FAILED
tests/test_orders.py::test_case_134 PASSED
tests/test_billing.py::test_case_135 PASSED
tests/test_billing.py::test_case_136 PASSED
tests/test_users.py::test_case_137 PASSED
tests/test_users.py::test_case_138 PASSED
tests/test_billing.py::test_case_139 PASSED
tests/test_orders.py::test_case_140 PASSED
tests/test_users.py::test_case_141 PASSED
tests/test_auth.py::test_case_142 PASSED
tests/test_orders.py::test_case_143 PASSED
tests/test_orders.py::test_case_144 PASSED
tests/test_orders.py::test_case_145 PASSED
tests/test_orders.py::test_case_146 PASSED
tests/test_search.py::test_case_147 PASSED
tests/test_orders.py::test_case_148 PASSED
tests/test_auth.py::test_case_149 PASSED
tests/test_billing.py::test_case_150 PASSED
tests/test_auth.py::test_case_151 PASSED
tests/test_orders.py::test_case_152 PASSED
tests/test_users.py::test_case_153 PASSED
tests/test_billing.py::test_case_154 PASSED
tests/test_auth.py::test_case_155 PASSED
tests/test_auth.py::test_case_156 PASSED
tests/test_orders.py::test_case_157 PASSED
tests/test_billing.py::test_case_158 PASSED
tests/test_billing.py::test_case_159 PASSED
tests/test_auth.py::test_case_160 PASSED
tests/test_users.py::test_case_161 PASSED
tests/test_billing.py::test_case_162 PASSED
tests/test_auth.py::test_case_163 PASSED
tests/test_auth.py::test_case_164 PASSED
tests/test_search.py::test_case_165 PASSED
tests/test_auth.py::test_case_166 PASSED
tests/test_search.py::test_case_167 PASSED
tests/test_search.py::test_case_168 PASSED
tests/test_orders.py::test_case_169 PASSED
tests/test_orders.py::test_case_170 PASSED
tests/test_auth.py::test_case_171 PASSED
tests/test_search.py::test_case_172 PASSED
tests/test_auth.py::test_case_173 PASSED
tests/test_search.py::test_case_174 PASSED
tests/test_billing.py::test_case_175 PASSED
tests/test_auth.py::test_case_176 PASSED
tests/test_orders.py::test_case_177 PASSED
tests/test_auth.py::test_case_178 PASSED
tests/test_users.py::test_case_179 PASSED
tests/test_billing.py::test_case_180 PASSED
tests/test_users.py::test_case_181 PASSED
tests/test_search.py::test_case_182 PASSED
tests/test_orders.py::test_case_183 PASSED
tests/test_billing.py::test_case_184 PASSED
tests/test_orders.py::test_case_185 PASSED
tests/test_search.py::test_case_186 PASSED
tests/test_billing.py::test_case_187 PASSED
tests/test_orders.py::test_case_188 PASSED
tests/test_billing.py::test_case_189 PASSED
tests/test_search.py::test_case_190 PASSED
tests/test_users.py::test_case_191 PASSED
tests/test_search.py::test_case_192 PASSED
tests/test_users.py::test_case_193 PASSED
tests/test_billing.py::test_case_194 PASSED
tests/test_users.py::test_case_195 PASSED
tests/test_search.py::test_case_196 PASSED
tests/test_billing.py::test_case_197 PASSED
tests/test_users.py::test_case_198 PASSED
tests/test_orders.py::test_case_199 PASSED
tests/test_search.py::test_case_200 PASSED
tests/test_users.py::test_case_201 PASSED
tests/test_auth.py::test_case_202 PASSED
tests/test_search.py::test_case_203 PASSED
tests/test_orders.py::test_case_204 PASSED
tests/test_auth.py::test_case_205 PASSED
tests/test_billing.py::test_case_206 PASSED
tests/test_billing.py::test_case_207 PASSED
tests/test_orders.py::test_case_208 PASSED
tests/test_auth.py::test_case_209 PASSED
tests/test_orders.py::test_case_210 PASSED
tests/test_orders.py::test_case_211 PASSED
tests/test_auth.py::test_case_212 PASSED
tests/test_auth.py::test_case_213 PASSED
tests/test_billing.py::test_case_214 PASSED
tests/test_search.py::test_case_215 PASSED
tests/test_users.py::test_case_216 PASSED
tests/test_auth.py::test_case_217 PASSED
tests/test_billing.py::test_case_218 PASSED
tests/test_orders.py::test_case_219 PASSED
tests/test_users.py::test_case_220 PASSED
tests/test_orders.py::test_case_221 PASSED
tests/test_users.py::test_case_222 PASSED
tests/test_billing.py::test_case_223 PASSED
tests/test_users.py::test_case_224 PASSED
tests/test_search.py::test_case_225 PASSED
tests/test_billing.py::test_case_226 PASSED
tests/test_users.py::test_case_227 PASSED
tests/test_users.py::test_case_228 PASSED
tests/test_orders.py::test_case_229 PASSED
tests/test_search.py::test_case_230 PASSED
tests/test_billing.py::test_case_231 PASSED
tests/test_auth.py::test_case_232 PASSED
tests/test_orders.py::test_case_233 PASSED
tests/test_billing.py::test_case_234 PASSED
tests/test_users.py::test_case_235 PASSED
tests/test_search.py::test_case_236 PASSED
tests/test_users.py::test_case_237 PASSED
tests/test_billing.py::test_case_238 PASSED
tests/test_search.py::test_case_239 PASSED
tests/test_orders.py::test_case_240 PASSED
tests/test_search.py::test_case_241 PASSED
tests/test_auth.py::test_case_242 PASSED
tests/test_users.py::test_case_243 PASSED
tests/test_search.py::test_case_244 PASSED
tests/test_orders.py::test_case_245 PASSED
tests/test_auth.py::test_case_246 PASSED
tests/test_users.py::test_case_247 PASSED
tests/test_search.py::test_case_248 PASSED
tests/test_auth.py::test_case_249 PASSED
tests/test_orders.py::test_case_250 PASSED
tests/test_billing.py::test_case_251 PASSED
tests/test_billing.py::test_case_252 PASSED
tests/test_auth.py::test_case_253 PASSED
tests/test_users.py::test_case_254 PASSED
tests/test_billing.py::test_case_255 PASSED
tests/test_auth.py::test_case_256 PASSED
tests/test_search.py::test_case_257 PASSED
tests/test_billing.py::test_case_258 PASSED
tests/test_auth.py::test_case_259 PASSED
tests/test_orders.py::test_case_260 PASSED
tests/test_search.py::test_case_261 PASSED
tests/test_users.py::test_case_262 PASSED
tests/test_auth.py::test_case_263 PASSED
tests/test_users.py::test_case_264 PASSED
tests/test_search.py::test_case_265 PASSED
tests/test_users.py::test_case_266 PASSED
tests/test_billing.py::test_case_267 PASSED
tests/test_orders.py::test_case_268 PASSED
tests/test_orders.py::test_case_269 PASSED
tests/test_orders.py::test_case_270 PASSED
tests/test_billing.py::test_case_271 PASSED
tests/test_billing.py::test_case_272 PASSED
tests/test_billing.py::test_case_273 PASSED
tests/test_users.py::test_case_274 PASSED
tests/test_billing.py::test_case_275 PASSED
tests/test_auth.py::test_case_276 PASSED
tests/test_auth.py::test_case_277 PASSED
tests/test_users.py::test_case_278 PASSED
tests/test_users.py::test_case_279 PASSED
tests/test_auth.py::test_case_280 PASSED
tests/test_auth.py::test_case_281 PASSED
tests/test_auth.py::test_case_282 PASSED
tests/test_auth.py::test_case_283 PASSED
tests/test_orders.py::test_case_284 PASSED
tests/test_auth.py::test_case_285 PASSED
tests/test_billing.py::test_case_286 PASSED
tests/test_users.py::test_case_287 PASSED
tests/test_search.py::test_case_288 PASSED
tests/test_billing.py::test_case_289 PASSED
tests/test_users.py::test_case_290 PASSED
tests/test_users.py::test_case_291 PASSED
tests/test_orders.py::test_case_292 PASSED
tests/test_auth.py::test_case_293 PASSED
tests/test_orders.py::test_case_294 PASSED
tests/test_search.py::test_case_295 PASSED
tests/test_orders.py::test_case_296 PASSED
tests/test_search.py::test_case_297 PASSED
tests/test_billing.py::test_case_298 PASSED
tests/test_billing.py::test_case_299 PASSED
tests/test_auth.py::test_case_300 PASSED
tests/test_orders.py::test_case_301 PASSED
tests/test_users.py::test_case_302 PASSED
tests/test_users.py::test_case_303 PASSED
tests/test_search.py::test_case_304 PASSED
tests/test_orders.py::test_case_305 PASSED
tests/test_users.py::test_case_306 PASSED
tests/test_users.py::test_case_307 PASSED
tests/test_billing.py::test_case_308 PASSED
tests/test_users.py::test_case_309 PASSED
tests/test_orders.py::test_case_310 PASSED
tests/test_auth.py::test_case_311 PASSED
tests/test_auth.py::test_case_312 PASSED
tests/test_auth.py::test_case_313 PASSED
tests/test_users.py::test_case_314 PASSED
tests/test_users.py::test_case_315 PASSED
tests/test_orders.py::test_case_316 PASSED
tests/test_search.py::test_case_317 PASSED
tests/test_auth.py::test_case_318 PASSED
tests/test_orders.py::test_case_319 PASSED
tests/test_orders.py::test_case_320 PASSED
tests/test_auth.py::test_case_321 PASSED
tests/test_orders.py::test_case_322 PASSED
tests/test_users.py::test_case_323 PASSED
tests/test_orders.py::test_case_324 PASSED
tests/test_orders.py::test_case_325 PASSED
tests/test_search.py::test_case_326 PASSED
tests/test_orders.py::test_case_327 PASSED
tests/test_orders.py::test_case_328 PASSED
tests/test_billing.py::test_case_329 PASSED
tests/test_billing.py::test_case_330 PASSED
tests/test_users.py::test_case_331 PASSED
tests/test_search.py::test_case_332 PASSED
tests/test_billing.py::test_case_333 PASSED
tests/test_orders.py::test_case_334 PASSED
tests/test_search.py::test_case_335 PASSED
tests/test_billing.py::test_case_336 PASSED
tests/test_billing.py::test_case_337 PASSED
tests/test_billing.py::test_case_338 PASSED
tests/test_orders.py::test_case_339 PASSED
tests/test_search.py::test_case_340 PASSED
tests/test_search.py::test_case_341 PASSED
tests/test_users.py::test_case_342 PASSED
tests/test_auth.py::test_case_343 PASSED
tests/test_users.py::test_case_344 PASSED
tests/test_auth.py::test_case_345 PASSED
tests/test_search.py::test_case_346 PASSED
tests/test_auth.py::test_case_347 PASSED
tests/test_orders.py::test_case_348 PASSED
tests/test_billing.py::test_case_349 PASSED
tests/test_auth.py::test_case_350 PASSED
tests/test_orders.py::test_case_351 PASSED
tests/test_orders.py::test_case_352 PASSED
tests/test_orders.py::test_case_353 PASSED
tests/test_auth.py::test_case_354 PASSED
tests/test_users.py::test_case_355 PASSED
tests/test_auth.py::test_case_356 PASSED
tests/test_search.py::test_case_357 PASSED
tests/test_search.py::test_case_358 PASSED
tests/test_auth.py::test_case_359 PASSED
tests/test_search.py::test_case_360 PASSED
tests/test_orders.py::test_case_361 PASSED
tests/test_orders.py::test_case_362 PASSED
tests/test_auth.py::test_case_363 PASSED
tests/test_users.py::test_case_364 PASSED
tests/test_search.py::test_case_365 PASSED
tests/test_orders.py::test_case_366 PASSED
tests/test_auth.py::test_case_367 PASSED
tests/test_billing.py::test_case_368 PASSED
tests/test_users.py::test_case_369 PASSED
tests/test_users.py::test_case_370 PASSED
tests/test_search.py::test_case_371 PASSED
tests/test_auth.py::test_case_372 PASSED
tests/test_auth.py::test_case_373 PASSED
tests/test_billing.py::test_case_374 PASSED
tests/test_users.py::test_case_375 PASSED
tests/test_billing.py::test_case_376 PASSED
tests/test_auth.py::test_token_expiry FAILED
tests/test_billing.py::test_case_378 PASSED
tests/test_billing.py::test_case_379 PASSED
tests/test_auth.py::test_case_380 PASSED
tests/test_orders.py::test_case_381 PASSED
tests/test_auth.py::test_case_382 PASSED
tests/test_orders.py::test_case_383 PASSED
tests/test_search.py::test_case_384 PASSED
tests/test_orders.py::test_case_385 PASSED
tests/test_users.py::test_case_386 PASSED
tests/test_auth.py::test_case_387 PASSED
tests/test_billing.py::test_case_388 PASSED
tests/test_search.py::test_case_389 PASSED
tests/test_auth.py::test_case_390 PASSED
tests/test_orders.py::test_case_391 PASSED
tests/test_auth.py::test_case_392 PASSED
tests/test_billing.py::test_case_393 PASSED
tests/test_auth.py::test_case_394 PASSED
tests/test_users.py::test_case_395 PASSED
tests/test_auth.py::test_case_396 PASSED
tests/test_billing.py::test_case_397 PASSED
tests/test_auth.py::test_case_398 PASSED
tests/test_orders.py::test_case_399 PASSED
tests/test_users.py::test_case_400 PASSED
tests/test_users.py::test_case_401 PASSED

=================================== FAILURES ===================================
___________________________ test_refund_rounding ___________________________
    def test_refund_rounding():
>       assert refund(10.005) == 10.01
E       AssertionError: assert 10.0 == 10.01
tests/test_billing.py:88: AssertionError
___________________________ test_token_expiry ___________________________
>       assert token.expires_in == 3600
E       AssertionError: assert 360 == 3600
tests/test_auth.py:41: AssertionError
=========================== 2 failed, 400 passed in 12.31s ===========================
